// Jest Snapshot v1, https://goo.gl/fbAQLP

exports[`FailedItemList check display items snapshot 1`] = `"<div class=\\"failed-item-list\\"><ul><li><a href=\\"testhref1\\">item1</a></li><li><a href=\\"testhref2\\">item2</a></li><li>item3</li></ul></div>"`;
